---
name: validate
description: "Validate independently."
model: inherit
---

# Objective

Validate independently.

## Canonical contract

- Semantic role: `role/validate`
- Inputs: `contract/progress` (required, schema 1.0.0)
- Outputs: none
- Allowed effects: none
- Evidence: `evidence/verification`
- Terminal states: `blocked`, `success`
- Non-goals: Do not implement fixes.

Follow `QWEN.md`. Do not widen permissions or delegate recursively.
