[
  {
    "path": "AGENTS.md",
    "semantic_id": "asset/opencode/instruction/root",
    "kind": "instruction",
    "mode": "0644",
    "extensions": [],
    "content": "# OpenCode Workflow Bundle\n\n- Workflow: `workflow/review`\n- Version: `1.0.0`\n- Profile: `native-advanced`\n- Generation fingerprint: `aaaaaaaaaaaaaaaaaaaaaaaaaaaaaaaaaaaaaaaaaaaaaaaaaaaaaaaaaaaaaaaa`\n\n## Execution\nUse only qualified OpenCode native delegation. Nested delegation is enabled by explicit operator opt-in.\n\n## Phases\n- `phase/apply` -\u003e `role/implement`\n- `phase/verify` -\u003e `role/validate` (after: `phase/apply`)\n"
  },
  {
    "path": "agents/implement.md",
    "semantic_id": "asset/opencode/agent/implement",
    "kind": "agent",
    "mode": "0644",
    "extensions": [],
    "content": "---\ndescription: \"Implement one bounded vertical work unit.\"\nmode: subagent\n---\n\n# implement\n\nImplement one bounded vertical work unit.\n"
  },
  {
    "path": "agents/validate.md",
    "semantic_id": "asset/opencode/agent/validate",
    "kind": "agent",
    "mode": "0644",
    "extensions": [],
    "content": "---\ndescription: \"Independently verify the implementation.\"\nmode: subagent\n---\n\n# validate\n\nIndependently verify the implementation.\n"
  },
  {
    "path": "commands/run-workflow.md",
    "semantic_id": "asset/opencode/command/workflow",
    "kind": "command",
    "mode": "0644",
    "extensions": [
      "opencode/native-advanced"
    ],
    "content": "---\ndescription: Execute workflow/review using native-advanced\n---\nExecute `workflow/review` phase-by-phase in deterministic dependency order.\nUse only qualified OpenCode native delegation. Nested delegation is enabled by explicit operator opt-in.\n"
  }
]
